18/02/2026 07:35:39: System.InvalidOperationException: The calling thread cannot access this object because a different thread owns it.
   at System.Windows.Threading.Dispatcher.VerifyAccess()
   at System.Windows.Media.Imaging.BitmapImage.get_IsDownloading()
   at System.Windows.Media.Imaging.BitmapSource.FreezeCore(Boolean isChecking)
   at System.Windows.Freezable.Freeze()
   at LucidDesk.Manager.Desk.Freeze() in F:\Subramani\Luciddesk_latest\LucidDesk\LucidDesk\Manager\Classes\Desk.cs:line 247
   at LucidDesk.MainWindow.ServerNetworkManagerInviteRequestReceivedInvoke(Object sender, DeskConnectionInformation deskConnectionInformation) in F:\Subramani\Luciddesk_latest\LucidDesk\LucidDesk\Screen\MainWindow.xaml.cs:line 696

18/02/2026 07:40:50: System.InvalidOperationException: The calling thread cannot access this object because a different thread owns it.
   at System.Windows.Threading.Dispatcher.VerifyAccess()
   at System.Windows.Media.Imaging.BitmapImage.get_IsDownloading()
   at System.Windows.Media.Imaging.BitmapSource.FreezeCore(Boolean isChecking)
   at System.Windows.Freezable.Freeze()
   at LucidDesk.Manager.Desk.Freeze() in F:\Subramani\Luciddesk_latest\LucidDesk\LucidDesk\Manager\Classes\Desk.cs:line 247
   at LucidDesk.MainWindow.ServerNetworkManagerInviteRequestReceivedInvoke(Object sender, DeskConnectionInformation deskConnectionInformation) in F:\Subramani\Luciddesk_latest\LucidDesk\LucidDesk\Screen\MainWindow.xaml.cs:line 696

18/02/2026 07:52:33: System.InvalidOperationException: The calling thread cannot access this object because a different thread owns it.
   at System.Windows.Threading.Dispatcher.VerifyAccess()
   at System.Windows.Media.Imaging.BitmapImage.get_IsDownloading()
   at System.Windows.Media.Imaging.BitmapSource.FreezeCore(Boolean isChecking)
   at System.Windows.Freezable.Freeze()
   at LucidDesk.Manager.Desk.Freeze() in F:\Subramani\Luciddesk_latest\LucidDesk\LucidDesk\Manager\Classes\Desk.cs:line 247
   at LucidDesk.MainWindow.ServerNetworkManagerInviteRequestReceivedInvoke(Object sender, DeskConnectionInformation deskConnectionInformation) in F:\Subramani\Luciddesk_latest\LucidDesk\LucidDesk\Screen\MainWindow.xaml.cs:line 696

18/02/2026 08:10:03: System.InvalidOperationException: The calling thread cannot access this object because a different thread owns it.
   at System.Windows.Threading.Dispatcher.VerifyAccess()
   at System.Windows.Media.Imaging.BitmapImage.get_IsDownloading()
   at System.Windows.Media.Imaging.BitmapSource.FreezeCore(Boolean isChecking)
   at System.Windows.Freezable.Freeze()
   at LucidDesk.Manager.Desk.Freeze() in F:\Subramani\Luciddesk_latest\LucidDesk\LucidDesk\Manager\Classes\Desk.cs:line 247
   at LucidDesk.MainWindow.ServerNetworkManagerInviteRequestReceivedInvoke(Object sender, DeskConnectionInformation deskConnectionInformation) in F:\Subramani\Luciddesk_latest\LucidDesk\LucidDesk\Screen\MainWindow.xaml.cs:line 696

18/02/2026 09:44:06: System.InvalidOperationException: The calling thread cannot access this object because a different thread owns it.
   at System.Windows.Threading.Dispatcher.VerifyAccess()
   at System.Windows.Media.Imaging.BitmapImage.get_IsDownloading()
   at System.Windows.Media.Imaging.BitmapSource.FreezeCore(Boolean isChecking)
   at System.Windows.Freezable.Freeze()
   at LucidDesk.Manager.Desk.Freeze() in F:\Subramani\Luciddesk_latest\LucidDesk\LucidDesk\Manager\Classes\Desk.cs:line 247
   at LucidDesk.MainWindow.ServerNetworkManagerInviteRequestReceivedInvoke(Object sender, DeskConnectionInformation deskConnectionInformation) in F:\Subramani\Luciddesk_latest\LucidDesk\LucidDesk\Screen\MainWindow.xaml.cs:line 696

